------------------------------------------------------------
TimeQuest Timing Analyzer Summary
------------------------------------------------------------

Type  : Slow Model Setup 'CLK_Divider:DUT1|T_CLK'
Slack : -60.905
TNS   : -542.642

Type  : Slow Model Setup 'CodecConfigurator:DUT6|I2CMaster:i2cm1|ready'
Slack : -2.123
TNS   : -19.607

Type  : Slow Model Setup 'CLK'
Slack : -1.916
TNS   : -39.216

Type  : Slow Model Setup 'CodecConfigurator:DUT6|I2CMaster:i2cm1|I2CTxLogic:txLogic|ready'
Slack : -0.981
TNS   : -3.142

Type  : Slow Model Hold 'CLK_Divider:DUT1|T_CLK'
Slack : -5.522
TNS   : -9.653

Type  : Slow Model Hold 'CodecConfigurator:DUT6|I2CMaster:i2cm1|I2CTxLogic:txLogic|ready'
Slack : -2.917
TNS   : -2.917

Type  : Slow Model Hold 'CLK'
Slack : -2.680
TNS   : -2.680

Type  : Slow Model Hold 'CodecConfigurator:DUT6|I2CMaster:i2cm1|ready'
Slack : 0.445
TNS   : 0.000

Type  : Slow Model Minimum Pulse Width 'CLK'
Slack : -1.631
TNS   : -33.403

Type  : Slow Model Minimum Pulse Width 'CLK_Divider:DUT1|T_CLK'
Slack : -0.611
TNS   : -46.436

Type  : Slow Model Minimum Pulse Width 'CodecConfigurator:DUT6|I2CMaster:i2cm1|ready'
Slack : -0.611
TNS   : -18.330

Type  : Slow Model Minimum Pulse Width 'CodecConfigurator:DUT6|I2CMaster:i2cm1|I2CTxLogic:txLogic|ready'
Slack : -0.611
TNS   : -6.110

Type  : Fast Model Setup 'CLK_Divider:DUT1|T_CLK'
Slack : -21.925
TNS   : -184.216

Type  : Fast Model Setup 'CodecConfigurator:DUT6|I2CMaster:i2cm1|ready'
Slack : -0.660
TNS   : -1.110

Type  : Fast Model Setup 'CLK'
Slack : -0.156
TNS   : -1.986

Type  : Fast Model Setup 'CodecConfigurator:DUT6|I2CMaster:i2cm1|I2CTxLogic:txLogic|ready'
Slack : 0.117
TNS   : 0.000

Type  : Fast Model Hold 'CLK_Divider:DUT1|T_CLK'
Slack : -2.671
TNS   : -4.171

Type  : Fast Model Hold 'CLK'
Slack : -1.711
TNS   : -1.711

Type  : Fast Model Hold 'CodecConfigurator:DUT6|I2CMaster:i2cm1|I2CTxLogic:txLogic|ready'
Slack : -1.683
TNS   : -1.683

Type  : Fast Model Hold 'CodecConfigurator:DUT6|I2CMaster:i2cm1|ready'
Slack : 0.215
TNS   : 0.000

Type  : Fast Model Minimum Pulse Width 'CLK'
Slack : -1.380
TNS   : -27.380

Type  : Fast Model Minimum Pulse Width 'CLK_Divider:DUT1|T_CLK'
Slack : -0.500
TNS   : -38.000

Type  : Fast Model Minimum Pulse Width 'CodecConfigurator:DUT6|I2CMaster:i2cm1|ready'
Slack : -0.500
TNS   : -15.000

Type  : Fast Model Minimum Pulse Width 'CodecConfigurator:DUT6|I2CMaster:i2cm1|I2CTxLogic:txLogic|ready'
Slack : -0.500
TNS   : -5.000

------------------------------------------------------------
